// Jest Snapshot v1, https://goo.gl/fbAQLP

exports[`publish --exact updates existing exact versions 1`] = `
"v1.0.1
D

diff --git a/lerna.json b/lerna.json
index SHA..SHA 100644
--- a/lerna.json
+++ b/lerna.json
@@ -2 +2 @@
-  \\"version\\": \\"1.0.0\\",
+  \\"version\\": \\"1.0.1\\",
diff --git a/packages/package-1/package.json b/packages/package-1/package.json
index SHA..SHA 100644
--- a/packages/package-1/package.json
+++ b/packages/package-1/package.json
@@ -3 +3 @@
-  \\"version\\": \\"1.0.0\\"
+  \\"version\\": \\"1.0.1\\"
diff --git a/packages/package-2/package.json b/packages/package-2/package.json
index SHA..SHA 100644
--- a/packages/package-2/package.json
+++ b/packages/package-2/package.json
@@ -3 +3 @@
-  \\"version\\": \\"1.0.0\\",
+  \\"version\\": \\"1.0.1\\",
@@ -5 +5 @@
-    \\"package-1\\": \\"1.0.0\\"
+    \\"package-1\\": \\"1.0.1\\"
diff --git a/packages/package-3/package.json b/packages/package-3/package.json
index SHA..SHA 100644
--- a/packages/package-3/package.json
+++ b/packages/package-3/package.json
@@ -3 +3 @@
-  \\"version\\": \\"1.0.0\\",
+  \\"version\\": \\"1.0.1\\",
@@ -5 +5 @@
-    \\"package-2\\": \\"1.0.0\\"
+    \\"package-2\\": \\"1.0.1\\"
diff --git a/packages/package-4/package.json b/packages/package-4/package.json
index SHA..SHA 100644
--- a/packages/package-4/package.json
+++ b/packages/package-4/package.json
@@ -3 +3 @@
-  \\"version\\": \\"1.0.0\\",
+  \\"version\\": \\"1.0.1\\",
diff --git a/packages/package-5/package.json b/packages/package-5/package.json
index SHA..SHA 100644
--- a/packages/package-5/package.json
+++ b/packages/package-5/package.json
@@ -4 +4 @@
-    \\"package-1\\": \\"1.0.0\\"
+    \\"package-1\\": \\"1.0.1\\"
@@ -7 +7 @@
-  \\"version\\": \\"1.0.0\\"
+  \\"version\\": \\"1.0.1\\""
`;

exports[`publish --exact updates matching local dependencies of published packages with exact versions 1`] = `
"v1.0.1
D

diff --git a/lerna.json b/lerna.json
index SHA..SHA 100644
--- a/lerna.json
+++ b/lerna.json
@@ -2 +2 @@
-  \\"version\\": \\"1.0.0\\"
+  \\"version\\": \\"1.0.1\\"
diff --git a/packages/package-1/package.json b/packages/package-1/package.json
index SHA..SHA 100644
--- a/packages/package-1/package.json
+++ b/packages/package-1/package.json
@@ -3 +3 @@
-  \\"version\\": \\"1.0.0\\"
+  \\"version\\": \\"1.0.1\\"
diff --git a/packages/package-2/package.json b/packages/package-2/package.json
index SHA..SHA 100644
--- a/packages/package-2/package.json
+++ b/packages/package-2/package.json
@@ -3 +3 @@
-  \\"version\\": \\"1.0.0\\",
+  \\"version\\": \\"1.0.1\\",
@@ -5 +5 @@
-    \\"package-1\\": \\"^1.0.0\\"
+    \\"package-1\\": \\"1.0.1\\"
diff --git a/packages/package-3/package.json b/packages/package-3/package.json
index SHA..SHA 100644
--- a/packages/package-3/package.json
+++ b/packages/package-3/package.json
@@ -3 +3 @@
-  \\"version\\": \\"1.0.0\\",
+  \\"version\\": \\"1.0.1\\",
@@ -8 +8 @@
-    \\"package-2\\": \\"^1.0.0\\"
+    \\"package-2\\": \\"1.0.1\\"
diff --git a/packages/package-4/package.json b/packages/package-4/package.json
index SHA..SHA 100644
--- a/packages/package-4/package.json
+++ b/packages/package-4/package.json
@@ -3 +3 @@
-  \\"version\\": \\"1.0.0\\",
+  \\"version\\": \\"1.0.1\\",
diff --git a/packages/package-5/package.json b/packages/package-5/package.json
index SHA..SHA 100644
--- a/packages/package-5/package.json
+++ b/packages/package-5/package.json
@@ -4 +4 @@
-    \\"package-1\\": \\"^1.0.0\\"
+    \\"package-1\\": \\"1.0.1\\"
@@ -7 +7 @@
-    \\"package-3\\": \\"^1.0.0\\"
+    \\"package-3\\": \\"1.0.1\\"
@@ -10 +10 @@
-  \\"version\\": \\"1.0.0\\"
+  \\"version\\": \\"1.0.1\\""
`;

exports[`publish --repo-version strips invalid semver information from option value 1`] = `
"v1.2.0-beta.1
D

diff --git a/lerna.json b/lerna.json
index SHA..SHA 100644
--- a/lerna.json
+++ b/lerna.json
@@ -2 +2 @@
-  \\"version\\": \\"1.0.0\\"
+  \\"version\\": \\"1.2.0-beta.1\\"
diff --git a/packages/package-3/package.json b/packages/package-3/package.json
index SHA..SHA 100644
--- a/packages/package-3/package.json
+++ b/packages/package-3/package.json
@@ -3 +3 @@
-  \\"version\\": \\"1.0.0\\",
+  \\"version\\": \\"1.2.0-beta.1\\",
diff --git a/packages/package-5/package.json b/packages/package-5/package.json
index SHA..SHA 100644
--- a/packages/package-5/package.json
+++ b/packages/package-5/package.json
@@ -7 +7 @@
-    \\"package-3\\": \\"^1.0.0\\"
+    \\"package-3\\": \\"^1.2.0-beta.1\\"
@@ -10 +10 @@
-  \\"version\\": \\"1.0.0\\"
+  \\"version\\": \\"1.2.0-beta.1\\""
`;
