// Jest Snapshot v1, https://jestjs.io/docs/snapshot-testing

exports[`version --ignore-changes does not version packages with ignored changes 1`] = `
"v1.0.1

HEAD -> main, tag: v1.0.1

lerna.json
packages/package-4/package.json"
`;

exports[`version --ignore-changes is mapped from deprecated --ignore 1`] = `
"v1.0.1

HEAD -> main, tag: v1.0.1

lerna.json
packages/package-4/package.json"
`;
