// Jest Snapshot v1, https://goo.gl/fbAQLP

exports[`version --ignore-changes does not version packages with ignored changes 1`] = `
"v1.0.1

HEAD -> master, tag: v1.0.1

lerna.json
packages/package-4/package.json"
`;

exports[`version --ignore-changes is mapped from deprecated --ignore 1`] = `
"v1.0.1

HEAD -> master, tag: v1.0.1

lerna.json
packages/package-4/package.json"
`;
