// Jest Snapshot v1, https://goo.gl/fbAQLP

exports[`stdout: postinstall 1`] = `
"Lerna __TEST_VERSION__
package-1

package-2

cli package-2 OK

package-3 cli1 OK
package-3 cli2 package-2 OK

Successfully ran npm script 'test' in packages:
- @integration/package-1
- @integration/package-2
- @integration/package-3
- package-4"
`;
